evaluating 80 val cases with 8 workers
c0024 {'D': 0.906, 'R': 0.97, 'H': 0.943, 'O': 0.977}  23.2
c0001 {'D': 0.938, 'R': 0.916, 'H': 0.927, 'O': 0.938}  23.7
c0093 {'D': 0.955, 'R': 0.959, 'H': 0.959, 'O': 0.96}  25.0
c0038 {'D': 0.763, 'R': 0.772, 'H': 0.763, 'O': 0.776}  27.2
c0097 {'D': 0.812, 'R': 0.811, 'H': 0.811, 'O': 0.832}  27.9
c0039 {'D': 0.856, 'R': 0.85, 'H': 0.85, 'O': 0.859}  29.5
c0095 {'D': 0.86, 'R': 0.871, 'H': 0.86, 'O': 0.872}  29.7
c0021 {'D': 0.908, 'R': 0.897, 'H': 0.898, 'O': 0.914}  30.9
c0121 {'D': 0.723, 'R': 0.7, 'H': 0.7, 'O': 0.724}  23.3
c0133 {'D': 0.713, 'R': 0.458, 'H': 0.635, 'O': 0.712}  21.1
c0106 {'D': 0.912, 'R': 0.924, 'H': 0.924, 'O': 0.927}  29.4
c0145 {'D': 0.621, 'R': 0.597, 'H': 0.621, 'O': 0.622}  23.3
c0110 {'D': 0.866, 'R': 0.854, 'H': 0.854, 'O': 0.877}  31.2
c0152 {'D': 0.91, 'R': 0.91, 'H': 0.905, 'O': 0.914}  26.8
c0163 {'D': 0.72, 'R': 0.718, 'H': 0.722, 'O': 0.725}  26.3
c0135 {'D': 0.93, 'R': 0.921, 'H': 0.921, 'O': 0.931}  31.2
c0165 {'D': 0.863, 'R': 0.845, 'H': 0.863, 'O': 0.871}  21.3
c0181 {'D': 0.929, 'R': 0.93, 'H': 0.93, 'O': 0.937}  22.7
c0182 {'D': 0.955, 'R': 0.948, 'H': 0.948, 'O': 0.955}  25.2
c0178 {'D': 0.771, 'R': 0.895, 'H': 0.746, 'O': 0.758}  31.4
c0223 {'D': 0.936, 'R': 0.918, 'H': 0.935, 'O': 0.936}  28.5
c0224 {'D': 0.925, 'R': 0.922, 'H': 0.927, 'O': 0.955}  28.4
c0186 {'D': 0.612, 'R': 0.612, 'H': 0.612, 'O': 0.612}  33.2
c0189 {'D': 0.917, 'R': 0.917, 'H': 0.914, 'O': 0.921}  38.2
c0252 {'D': 0.915, 'R': 0.921, 'H': 0.921, 'O': 0.934}  18.9
c0225 {'D': 0.81, 'R': 0.837, 'H': 0.837, 'O': 0.873}  30.1
c0226 {'D': 0.896, 'R': 0.896, 'H': 0.896, 'O': 0.897}  28.7
c0297 {'D': 0.909, 'R': 0.918, 'H': 0.918, 'O': 0.918}  19.7
c0288 {'D': 0.871, 'R': 0.87, 'H': 0.87, 'O': 0.887}  28.1
c0364 {'D': 0.898, 'R': 0.892, 'H': 0.891, 'O': 0.9}  26.3
c0311 {'D': 0.908, 'R': 0.926, 'H': 0.68, 'O': 0.941}  26.9
c0368 {'D': 0.69, 'R': 0.69, 'H': 0.69, 'O': 0.715}  22.5
c0398 {'D': 0.871, 'R': 0.865, 'H': 0.865, 'O': 0.871}  24.9
c0378 {'D': 0.905, 'R': 0.904, 'H': 0.893, 'O': 0.912}  35.0
c0400 {'D': 0.912, 'R': 0.862, 'H': 0.912, 'O': 0.912}  29.7
c0401 {'D': 0.946, 'R': 0.946, 'H': 0.946, 'O': 0.951}  29.2
c0424 {'D': 0.847, 'R': 0.872, 'H': 0.848, 'O': 0.923}  27.8
c0456 {'D': 0.658, 'R': 0.658, 'H': 0.658, 'O': 0.664}  22.8
c0514 {'D': 0.917, 'R': 0.913, 'H': 0.913, 'O': 0.917}  26.9
c0483 {'D': 0.878, 'R': 0.895, 'H': 0.87, 'O': 0.895}  33.9
c0560 {'D': 0.729, 'R': 0.645, 'H': 0.712, 'O': 0.73}  22.2
c0564 {'D': 0.839, 'R': 0.829, 'H': 0.827, 'O': 0.849}  22.0
c0558 {'D': 0.939, 'R': 0.93, 'H': 0.931, 'O': 0.939}  33.0
c0572 {'D': 0.956, 'R': 0.954, 'H': 0.962, 'O': 0.963}  24.8
c0578 {'D': 0.878, 'R': 0.87, 'H': 0.878, 'O': 0.886}  31.0
c0581 {'D': 0.892, 'R': 0.885, 'H': 0.886, 'O': 0.892}  25.1
c0566 {'D': 0.94, 'R': 0.93, 'H': 0.931, 'O': 0.914}  36.3
c0591 {'D': 0.858, 'R': 0.864, 'H': 0.864, 'O': 0.864}  22.7
c0582 {'D': 0.936, 'R': 0.933, 'H': 0.92, 'O': 0.945}  36.1
c0593 {'D': 0.946, 'R': 0.945, 'H': 0.945, 'O': 0.947}  30.1
c0606 {'D': 0.0, 'R': 0.0, 'H': 0.0, 'O': 0.0}  28.9
c0613 {'D': 0.316, 'R': 0.316, 'H': 0.316, 'O': 0.316}  32.3
c0669 {'D': 0.917, 'R': 0.915, 'H': 0.915, 'O': 0.917}  26.2
c0646 {'D': 0.923, 'R': 0.913, 'H': 0.913, 'O': 0.924}  29.8
c0643 {'D': 0.954, 'R': 0.958, 'H': 0.958, 'O': 0.958}  31.9
c0708 {'D': 0.93, 'R': 0.91, 'H': 0.924, 'O': 0.931}  25.7
c0733 {'D': 0.966, 'R': 0.905, 'H': 0.794, 'O': 0.969}  23.0
c0717 {'D': 0.574, 'R': 0.623, 'H': 0.568, 'O': 0.648}  27.9
c0741 {'D': 0.861, 'R': 0.853, 'H': 0.853, 'O': 0.903}  27.6
c0792 {'D': 0.949, 'R': 0.94, 'H': 0.94, 'O': 0.949}  18.6
c0744 {'D': 0.72, 'R': 0.706, 'H': 0.706, 'O': 0.722}  25.6
c0815 {'D': 0.863, 'R': 0.863, 'H': 0.863, 'O': 0.864}  22.1
c0776 {'D': 0.922, 'R': 0.914, 'H': 0.852, 'O': 0.923}  25.2
c0833 {'D': 0.928, 'R': 0.928, 'H': 0.923, 'O': 0.939}  23.7
c0826 {'D': 0.892, 'R': 0.87, 'H': 0.882, 'O': 0.892}  37.2
c0848 {'D': 0.893, 'R': 0.606, 'H': 0.809, 'O': 0.894}  28.1
c0899 {'D': 0.936, 'R': 0.923, 'H': 0.923, 'O': 0.951}  24.6
c0866 {'D': 0.823, 'R': 0.876, 'H': 0.711, 'O': 0.901}  30.5
c0924 {'D': 0.737, 'R': 0.737, 'H': 0.741, 'O': 0.742}  22.8
c0928 {'D': 0.859, 'R': 0.839, 'H': 0.839, 'O': 0.86}  24.2
c0878 {'D': 0.905, 'R': 0.906, 'H': 0.906, 'O': 0.91}  29.7
c0935 {'D': 0.918, 'R': 0.917, 'H': 0.917, 'O': 0.918}  22.3
c0964 {'D': 0.616, 'R': 0.609, 'H': 0.613, 'O': 0.625}  20.8
c0960 {'D': 0.964, 'R': 0.841, 'H': 0.957, 'O': 0.855}  23.3
c0938 {'D': 0.872, 'R': 0.875, 'H': 0.876, 'O': 0.876}  29.4
c0956 {'D': 0.809, 'R': 0.651, 'H': 0.773, 'O': 0.862}  26.8
c0950 {'D': 0.916, 'R': 0.896, 'H': 0.896, 'O': 0.916}  29.6
c0973 {'D': 0.861, 'R': 0.859, 'H': 0.859, 'O': 0.915}  28.8
c0965 {'D': 0.934, 'R': 0.866, 'H': 0.877, 'O': 0.939}  33.3
c0988 {'D': 0.94, 'R': 0.94, 'H': 0.94, 'O': 0.946}  32.5
# Bridge Trillium experiment: does rule naming (R) or grammar decoding (H) beat the direct model's own names (D)?

Model: **the Atlas run's** master-recipe 4-class nnU-Net (A13, inference/scoring only; plan `nnUNetResEncUNetPlans_60G_iso05`; softmax: Atlas validation --npz; training details in Atlas's results). Scored on its val split (80 cases) against Atlas's own proxy labels. tF1 @ 1.5 mm with reference-derived ostia (provisional per A9).

| Arm | n | tF1 @1.5 | tF1 @0 | macro Dice | cases with swap | centreline name acc. | FP comps |
|---|---|---|---|---|---|---|---|
| D: direct model names | 80 | 0.847 | 0.843 | 0.838 | 0 | 0.991 | 1.49 |
| R: rule renaming of D foreground | 80 | 0.834 | 0.830 | 0.827 | 3 | 0.981 | 1.49 |
| H: grammar decode of D softmax | 80 | 0.833 | 0.830 | 0.827 | 0 | 0.987 | 1.49 |
| O: oracle names on D foreground (naming upper bound) | 80 | 0.856 | 0.853 | 0.849 | 0 | 1.000 | 1.49 |

| Paired | mean diff tF1 | 95 % CI | better / worse cases |
|---|---|---|---|
| R-D | -0.0128 | [-0.0251, -0.0020] | 22 / 51 |
| H-D | -0.0133 | [-0.0223, -0.0060] | 20 / 51 |
| O-D | +0.0097 | [+0.0046, +0.0148] | 63 / 5 |

**A7 verdict** (adopt only if CI excludes 0 in its favour and swap rate is no higher):

- R: do not adopt (A7 rule not met)
- H: do not adopt (A7 rule not met)

Reading guide: O−D is how much naming headroom the direct model leaves on its own lumen. If R−D or H−D is positive with a CI above 0, structure out-names the network and Bridge v3 / A7 ship R or H; if the CIs sit at or below 0, the direct model names as well as the rules and R/H stay QA only.
